[demo.foxthemes.net/instellohtml/feed.html]
[demo.foxthemes.net/instellohtml/assets/images/favicon.png]
[backblue.gif]
[fade.gif]
[index.html]
[demo.foxthemes.net/instellohtml/assets/css/icons.css]
[demo.foxthemes.net/instellohtml/assets/css/uikit.css]
[demo.foxthemes.net/instellohtml/assets/css/style.css]
[demo.foxthemes.net/instellohtml/assets/css/tailwind.css]
[demo.foxthemes.net/instellohtml/assets/images/logo.png]
[demo.foxthemes.net/instellohtml/assets/images/logo-light.png]
[demo.foxthemes.net/instellohtml/assets/images/avatars/avatar-2.jpg]
[demo.foxthemes.net/instellohtml/profile.html]
[demo.foxthemes.net/instellohtml/explore.html]
[demo.foxthemes.net/instellohtml/chat.html]
[demo.foxthemes.net/instellohtml/trending.html]
[demo.foxthemes.net/instellohtml/market.html]
[demo.foxthemes.net/instellohtml/setting.html]
[demo.foxthemes.net/instellohtml/form-login.html]
[demo.foxthemes.net/instellohtml/home.html]
[demo.foxthemes.net/instellohtml/assets/images/logo-mobile.png]
[demo.foxthemes.net/instellohtml/assets/images/logo-mobile-light.png]
[demo.foxthemes.net/instellohtml/assets/images/avatars/avatar-1.jpg]
[demo.foxthemes.net/instellohtml/assets/images/avatars/avatar-3.jpg]
[demo.foxthemes.net/instellohtml/assets/images/post/img4.jpg]
[demo.foxthemes.net/instellohtml/assets/images/avatars/avatar-4.jpg]
[demo.foxthemes.net/instellohtml/assets/images/post/img9.jpg]
[demo.foxthemes.net/instellohtml/assets/images/post/img10.jpg]
[demo.foxthemes.net/instellohtml/assets/images/post/img11.jpg]
[demo.foxthemes.net/instellohtml/assets/images/avatars/avatar-5.jpg]
[demo.foxthemes.net/instellohtml/assets/images/avatars/avatar-7.jpg]
[demo.foxthemes.net/instellohtml/assets/images/post/img2.jpg]
[demo.foxthemes.net/instellohtml/assets/images/post/img7.jpg]
[demo.foxthemes.net/instellohtml/assets/images/post/img5.jpg]
[demo.foxthemes.net/instellohtml/assets/images/post/img3.jpg]
[demo.foxthemes.net/instellohtml/assets/js/tippy.all.min.js]
[demo.foxthemes.net/instellohtml/assets/js/jquery-3.3.1.min.js]
[demo.foxthemes.net/instellohtml/assets/js/custom.js]
[demo.foxthemes.net/instellohtml/assets/js/simplebar.js]
[demo.foxthemes.net/instellohtml/feed.html]
[unpkg.com/ionicons@5.2.3/dist/ionicons.js]
[demo.foxthemes.net/instellohtml/assets/fonts/Feather-Iconse198.woff]
[demo.foxthemes.net/instellohtml/assets/fonts/Feather-Iconse198.ttf]
[demo.foxthemes.net/instellohtml/assets/fonts/Feather-Iconse198.svg]
[demo.foxthemes.net/instellohtml/assets/fonts/Brand-Icons036a.woff]
[demo.foxthemes.net/instellohtml/assets/js/uikit.js]
[demo.foxthemes.net/instellohtml/assets/fonts/Brand-Icons036a.svg]
[demo.foxthemes.net/instellohtml/assets/fonts/unicons.woff]
[demo.foxthemes.net/instellohtml/assets/fonts/Brand-Icons036a.ttf]
[demo.foxthemes.net/instellohtml/assets/fonts/unicons.eot]
[demo.foxthemes.net/instellohtml/assets/fonts/unicons.svg]
[demo.foxthemes.net/instellohtml/assets/fonts/Material-Iconsb7df.ttf]
[demo.foxthemes.net/instellohtml/assets/fonts/Material-Iconsb7df.woff]
[demo.foxthemes.net/instellohtml/assets/css/icons.css]
[demo.foxthemes.net/instellohtml/assets/css/uikit.css]
[demo.foxthemes.net/instellohtml/assets/css/style.css]
[demo.foxthemes.net/instellohtml/assets/css/tailwind.css]
[demo.foxthemes.net/instellohtml/assets/fonts/unicons.ttf]
[demo.foxthemes.net/instellohtml/assets/fonts/Material-Iconsb7df.svg]
[demo.foxthemes.net/instellohtml/assets/images/avatars/avatar-lg-1.jpg]
[demo.foxthemes.net/instellohtml/assets/images/post/img1.jpg]
[demo.foxthemes.net/instellohtml/assets/images/avatars/avatar-6.jpg]
[demo.foxthemes.net/instellohtml/profile.html]
[demo.foxthemes.net/instellohtml/assets/images/icon-play.svg]
[demo.foxthemes.net/instellohtml/assets/images/post/img6.jpg]
[demo.foxthemes.net/instellohtml/assets/images/post/img8.jpg]
[demo.foxthemes.net/instellohtml/explore.html]
[demo.foxthemes.net/instellohtml/chat.html]
[demo.foxthemes.net/instellohtml/trending.html]
[demo.foxthemes.net/instellohtml/assets/images/product/1.jpg]
[demo.foxthemes.net/instellohtml/assets/images/product/13.jpg]
[demo.foxthemes.net/instellohtml/assets/images/product/2.jpg]
[demo.foxthemes.net/instellohtml/assets/images/product/16.jpg]
[demo.foxthemes.net/instellohtml/assets/images/product/17.jpg]
[demo.foxthemes.net/instellohtml/assets/images/product/15.jpg]
[demo.foxthemes.net/instellohtml/assets/images/product/12.jpg]
[demo.foxthemes.net/instellohtml/assets/images/product/4.jpg]
[demo.foxthemes.net/instellohtml/assets/images/product/14.jpg]
[demo.foxthemes.net/instellohtml/assets/images/product/11.jpg]
[demo.foxthemes.net/instellohtml/assets/images/product/9.jpg]
[demo.foxthemes.net/instellohtml/pages-terms.44.delayed]
[demo.foxthemes.net/instellohtml/assets/images/product/7.jpg]
[demo.foxthemes.net/instellohtml/market.html]
[demo.foxthemes.net/instellohtml/setting.html]
[demo.foxthemes.net/instellohtml/form-register.html]
[demo.foxthemes.net/instellohtml/form-login.html]
[demo.foxthemes.net/instellohtml/home.html]
[demo.foxthemes.net/instellohtml/assets/js/tippy.all.min.js]
[demo.foxthemes.net/instellohtml/assets/js/jquery-3.3.1.min.js]
[demo.foxthemes.net/instellohtml/assets/js/uikit.js]
[demo.foxthemes.net/instellohtml/assets/js/simplebar.js]
[demo.foxthemes.net/instellohtml/assets/js/custom.js]
[demo.foxthemes.net/instellohtml/assets/fonts/Feather-Iconse198.svg]
[demo.foxthemes.net/instellohtml/assets/fonts/Brand-Icons036a.svg]
[demo.foxthemes.net/instellohtml/assets/fonts/unicons.svg]
[demo.foxthemes.net/instellohtml/assets/fonts/Material-Iconsb7df.svg]
[demo.foxthemes.net/instellohtml/assets/images/icon-play.svg]
[demo.foxthemes.net/instellohtml/pages-terms.html]
[demo.foxthemes.net/instellohtml/assets/images/product/7.html]
[demo.foxthemes.net/instellohtml/form-register.html]
